[
  {
    "made_up_name": "Ant Man",
    "real_name": "Scott Lang"
  },
  {
    "made_up_name": "Black Panther",
    "real_name": "T'Challa"
  },
  {
    "made_up_name": "Captain America",
    "real_name": "Steve Rogers"
  },
  {
    "made_up_name": "Doctor Strange",
    "real_name": "Stephen Vincent Strange"
  }
]